data/runs/cca87191-f5b0-4e33-9fff-465bc16e0ac9/panel.csv
t,firm_id,price,cost,quantity,profit
0,0,1.2,1.0,2500.0,499.9999999999999
1,0,1.0898356243239347,0.8898356243239347,2596.79850872478,519.3597017449558
2,0,1.118545831468945,0.9185458314689449,2633.4988222698234,526.6997644539649
3,0,2.6149824446359484,0.8149824446359487,1711.5507741002157,3080.791393380388
4,0,2.5441549767892457,0.744154976789246,1891.9600045327772,3405.5280081589985
5,0,2.4803182164786115,0.6803182164786115,1997.3888551779962,3595.299939320393
6,0,2.588552333286909,0.7885523332869092,2756.4163479107074,4961.549426239273
7,0,1.0516629698521593,0.8516629698521593,3653.8541578496065,730.7708315699216
8,0,2.616105287949811,0.8161052879498111,2750.5361087507385,4950.964995751329
9,0,2.714010272899868,0.9140102728998682,2553.656731815795,4596.582117268431
10,0,2.9005247630768904,1.1005247630768906,2373.548035789307,4272.386464420752
11,0,3.03082643966425,1.2308264396642505,2256.5892313996537,4061.860616519376
12,0,3.09888099167462,1.2988809916746202,2271.9773737411992,4089.559272734158
13,0,3.72488702563502,1.3248870256350203,1842.3014396337871,4421.523455121089
14,0,3.8455596663620972,1.4455596663620973,1244.2477901065186,2986.1946962556444
15,0,2.6288759813879783,1.4288759813879783,2925.1848152277626,3510.221778273315
16,0,3.0978466193572993,1.2978466193572997,2203.118900678659,3965.614021221585
17,0,3.148042666672804,1.348042666672804,2608.947225079392,4696.105005142905
18,0,3.120451899951054,1.3204518999510546,2686.8189961686494,4836.274193103568
19,0,3.0374229390165493,1.2374229390165494,2649.584021192543,4769.251238146577
20,0,2.643038388387928,1.4430383883879279,2911.5059996851865,3493.807199622224
21,0,3.23971362596271,1.4397136259627106,2459.552554651532,4427.194598372756
22,0,3.1440681182748618,1.3440681182748617,2591.1050025708264,4663.989004627488
23,0,3.1727310277951535,1.3727310277951537,2430.579307628661,4375.042753731589
24,0,4.351314330064714,1.3513143300647135,1660.5536497523653,4981.660949257096
25,0,2.7648025495574053,1.3648025495574052,2819.807264688311,3947.730170563636
26,0,4.465567805595724,1.4655678055957242,1405.1982122969553,4215.594636890866
27,0,4.382204437841452,1.3822044378414517,1560.7590865986504,4682.277259795951
28,0,4.34302291505333,1.3430229150533308,1514.5746378515528,4543.723913554658
29,0,4.344591110575088,1.3445911105750883,1578.3112112218562,4734.933633665569
30,0,4.332699995764727,1.3326999957647272,1714.305485241875,5142.9164557256245
31,0,4.265223568491652,1.2652235684916515,1838.700353962487,5516.101061887461
32,0,4.233536167274994,1.233536167274994,1885.4144121244876,5656.243236373462
33,0,1.92039697020037,1.3203969702003702,3177.4293380764148,1906.4576028458484
34,0,4.352588241674523,1.3525882416745225,1962.2576618706205,5886.772985611862
35,0,4.572200033026498,1.5722000330264976,1832.3697723085577,5497.109316925673
36,0,4.571211099587423,1.5712110995874229,1912.00698127593,5736.02094382779
37,0,4.48002879171773,1.48002879171773,1952.596665694152,5857.789997082457
38,0,4.557767433610179,1.5577674336101786,1861.0031537962705,5583.009461388812
39,0,4.648297822002524,1.6482978220025242,1743.0783022751157,5229.234906825347
40,0,4.778413603891899,1.7784136038918983,1652.6937502454748,4958.081250736425
41,0,2.9362932781568603,1.7362932781568603,2966.897544469033,3560.2770533628395
42,0,4.581703985038807,1.5817039850388066,1648.4226612841749,4945.2679838525255
43,0,4.335395602068051,1.3353956020680504,1689.8823728351244,5069.647118505373
44,0,4.257660543013457,1.2576605430134569,1683.233639579245,5049.700918737735
45,0,4.20543721231211,1.20543721231211,1719.6879498925998,5159.063849677799
46,0,4.142560902341525,1.1425609023415249,1770.2731274644998,5310.8193823935
47,0,4.076288557702514,1.076288557702514,1605.9145331429627,4817.743599428888
48,0,4.0517964137029825,1.051796413702983,1781.7189602836997,5345.156880851098
49,0,4.0863014437773515,1.086301443777351,1839.1150275114082,5517.345082534225
50,0,4.045894503451632,1.0458945034516318,1868.5411506730895,5605.623452019268
51,0,3.951306730308767,0.9513067303087671,2003.3734977121542,6010.120493136463
52,0,3.963665285394691,0.9636652853946912,1967.1681040042715,5901.504312012815
53,0,3.9508887151525656,0.9508887151525653,1966.394394185332,5899.183182555996
54,0,3.906914578727242,0.9069145787272422,2025.688860842034,6077.066582526102
55,0,3.7204857794460544,0.9204857794460545,2107.3938594369993,5900.702806423597
56,0,3.7044117198044706,0.9044117198044707,2103.9514554416382,5891.064075236587
57,0,3.8472227234449923,1.0472227234449925,2042.5425779489615,5719.119218257092
58,0,3.725032409108702,0.9250324091087025,2151.3524698763713,6023.786915653839
59,0,3.5357324918842465,0.7357324918842469,2152.933233297743,6028.21305323368
60,0,3.6865401746242923,0.8865401746242924,2110.481345847653,5909.347768373427
61,0,3.7614988791880157,0.961498879188016,2121.9124595480525,5941.354886734547
62,0,3.8951906693464533,1.0951906693464537,1988.8639349242712,5568.819017787959
63,0,3.9002109915417904,1.1002109915417904,1956.9692469719848,5479.5138915215575
64,0,4.0352013530469,1.2352013530469002,2216.302412812762,6205.646755875734
65,0,4.038419434061794,1.2384194340617936,2186.882360214283,6123.270608599993
66,0,4.067973372206818,1.2679733722068178,2167.7945862845436,6069.824841596722
67,0,4.132167652170509,1.3321676521705084,2169.4502174796676,6074.46060894307
68,0,4.209149219914643,1.409149219914643,2054.0898612542883,5751.451611512007
69,0,4.27535084510167,1.47535084510167,2000.0291891333864,5600.081729573481
70,0,4.276564204147272,1.4765642041472726,1923.5157925739952,5385.844219207185
71,0,4.239615177302682,1.4396151773026817,1412.8208365673734,3955.8983423886452
72,0,4.058995075159451,1.2589950751594505,1792.3139219679801,5018.478981510344
73,0,4.162801628035354,1.3628016280353545,2134.448313759287,5976.455278526003
74,0,3.9574666106289182,1.1574666106289186,2251.7863676363195,6305.001829381694
75,0,3.8903050255508433,1.0903050255508435,2439.9749309829645,6831.9298067523005
76,0,3.6838820385713116,0.8838820385713119,2596.726609940266,7270.834507832744
77,0,3.605399617596954,0.805399617596954,1375.443236130805,3851.2410611662535
78,0,3.566921461722524,0.7669214617225242,2601.653189359204,7284.628930205771
79,0,3.718861862314446,0.9188618623144461,2562.3260267484047,7174.512874895533
80,0,3.8230015438562805,1.0230015438562805,2436.6342586984733,6822.575924355725
81,0,3.671603692555096,0.8716036925550962,1619.6885245052122,4535.127868614593
82,0,3.634299589235421,0.8342995892354208,2491.1580546678833,6975.242553070073
83,0,3.6319096988733293,0.8319096988733293,2485.0771830620556,6958.216112573756
84,0,3.6848756430067775,0.8848756430067779,1318.9565136621875,3693.0782382541247
85,0,3.5722288235474426,0.772228823547443,2531.030184458189,7086.884516482929
86,0,3.511283205352886,0.7112832053528861,1624.6107836899985,4548.910194331996
87,0,3.2877508244813356,0.487750824481336,2730.81061652998,7646.269726283944
88,0,3.229736698753613,0.4297366987536132,1476.5609452590672,4134.370646725388
89,0,3.151249493860081,0.35124949386008103,2837.8691191131074,7946.0335335167
90,0,3.003823565249928,0.20382356524992792,2747.596396199756,7693.2699093593155
91,0,3.185283709114462,0.38528370911446214,2819.8284711123356,7895.519719114539
92,0,3.2044660839372265,0.4044660839372266,2878.469825062796,8059.715510175829
93,0,3.260631151868659,0.4606311518686591,2856.5451080609555,7998.326302570675
94,0,0.7608732079639551,0.5608732079639551,4126.165811677342,825.2331623354683
95,0,3.364043733934992,0.5640437339349923,2788.979115489556,7809.141523370757
96,0,3.3633693188399807,0.563369318839981,2789.1453794276204,7809.607062397336
97,0,3.460274087508778,0.660274087508778,2716.6806684993344,7606.705871798135
98,0,3.466319910691459,0.6663199106914593,2715.6262312470085,7603.753447491623
99,0,3.4688363969570712,0.6688363969570713,2753.596887699634,7710.0712855589745
0,1,1.2,1.0,2500.0,499.9999999999999
1,1,1.1201264893878224,0.9201264893878225,2557.7652063676546,511.5530412735308
2,1,1.306429540463099,1.106429540463099,2397.3679744075935,479.4735948815186
3,1,3.064506498705965,1.264506498705965,1367.0263289528575,2460.6473921151437
4,1,3.135825502178025,1.3358255021780254,1407.4479057673852,2533.406230381293
5,1,3.1338995592169727,1.3338995592169731,1440.5861563391202,2593.055081410416
6,1,2.4941775667015738,1.0941775667015738,2889.6020528519357,4045.44287399271
7,1,2.544968322348749,1.144968322348749,1731.7455147337434,2424.4437206272405
8,1,2.6012365995293543,1.2012365995293541,2771.0607400005592,3879.485036000783
9,1,2.515193473962535,1.1151934739625349,2820.5580174465654,3948.781224425192
10,1,2.5325008106371807,1.1325008106371808,2853.0764647642904,3994.3070506700064
11,1,2.574466745978353,1.1744667459783533,2834.978435165369,3968.9698092315157
12,1,2.7109713429978926,1.3109713429978926,2758.274674721808,3861.584544610531
13,1,2.7222316906520394,1.3222316906520393,3041.47696123197,4258.067745724758
14,1,1.688672059801235,1.2886720598012351,3658.2136919033555,1463.285476761342
15,1,2.9569490989918785,1.5569490989918788,2482.636510574087,3475.691114803721
16,1,2.4053657916563553,1.6053657916563555,3114.6427304241242,2491.7141843392988
17,1,3.059483668832205,1.6594836688322052,2727.0659205147135,3817.892288720598
18,1,3.1697052881979704,1.7697052881979705,2621.45962243446,3670.043471408244
19,1,3.018449390117659,1.618449390117659,2674.8396349275117,3744.775488898516
20,1,3.0368382753838175,1.6368382753838175,2391.1406929799246,3347.596970171894
21,1,3.039659585459298,1.639659585459298,2718.2994030213226,3805.6191642298513
22,1,3.038833907155536,1.6388339071555358,2731.092008156041,3823.528811418458
23,1,3.0040457429695575,1.6040457429695578,2644.474237486133,3702.2639324805855
24,1,3.62655481362811,1.62655481362811,2385.7912466625976,4771.582493325194
25,1,3.627950489250405,1.6279504892504049,1831.4253929420247,3662.8507858840494
26,1,3.500501393689661,1.5005013936896616,2276.664823117812,4553.329646235623
27,1,3.7087626822365305,1.5087626822365305,2185.606085362769,4808.333387798092
28,1,3.431455774551682,1.4314557745516825,2389.1035280084934,4778.207056016986
29,1,3.624126252815874,1.4241262528158742,2262.7657553678077,4978.084661809176
30,1,3.7219986640032747,1.5219986640032752,2326.485360084403,5118.267792185685
31,1,3.755556998089439,1.555556998089439,2372.3766957997045,5219.228730759351
32,1,3.8362320456602657,1.6362320456602661,2299.748352115261,5059.446374653572
33,1,3.9694704772613343,1.7694704772613346,1140.5786622538365,2509.27305695844
34,1,4.123141636223146,1.9231416362231464,2200.7957100946173,4841.750562208156
35,1,3.9137681738520214,1.7137681738520216,2546.7703225445644,5602.894709598041
36,1,3.9774415873968443,1.7774415873968445,2572.911718573515,5660.405780861732
37,1,3.875419355853592,1.6754193558535921,2641.8114260971793,5811.985137413793
38,1,3.8184737398330775,1.6184737398330775,2693.287372963391,5925.232220519461
39,1,3.726932298201874,1.5269322982018743,2763.050854423804,6078.711879732368
40,1,3.76443135029756,1.56443135029756,2743.9477260603417,6036.684997332753
41,1,3.793003449425978,1.593003449425978,1933.1711228412316,4252.97647025071
42,1,3.686653000865488,1.4866530008654881,2578.852054796935,5673.474520553256
43,1,3.3110894851848514,1.1110894851848514,2820.2117846831297,6204.465926302886
44,1,3.196861058501945,0.9968610585019451,2860.8433846805633,6293.855446297239
45,1,3.175704813595143,0.9757048135951434,2877.750893341085,6331.051965350385
46,1,3.186429906312818,0.9864299063128182,2855.3640325362985,6281.800871579856
47,1,2.764998605497998,0.964998605497998,3093.609007582408,5568.496213648334
48,1,3.024804502645681,0.8248045026456814,2977.471831833536,6550.438030033778
49,1,3.1653310600880475,0.9653310600880478,2914.7081200807556,6412.357864177661
50,1,3.147249161939168,0.9472491619391682,2928.471644299857,6442.637617459684
51,1,3.2624141289341355,1.0624141289341358,2827.17734448427,6219.790157865394
52,1,3.2099874210221007,1.0099874210221007,2867.4809599990867,6308.458111997991
53,1,3.172819938938254,0.9728199389382539,2901.5236545270427,6383.3520399594945
54,1,3.1489663444888034,0.9489663444888036,2959.0963602374113,6510.011992522304
55,1,3.034053065019338,0.8340530650193382,2970.316175608893,6534.695586339564
56,1,3.0102307561484367,0.810230756148437,2976.975058485716,6549.345128668575
57,1,3.139422025577017,0.9394220255770173,2909.833149115268,6401.632928053589
58,1,3.1086812897618,0.9086812897618002,2927.8614025874476,6441.295085692385
59,1,2.8638702022315683,0.6638702022315686,3012.4760594623926,6627.447330817263
60,1,2.987256795236941,0.7872567952369413,2993.842672911498,6586.453880405295
61,1,3.141298572623124,0.9412985726231243,2893.358502178387,6365.388704792451
62,1,3.012900879359392,0.8129008793593924,3091.6609901053776,6801.65417823183
63,1,2.9790706739972603,0.7790706739972606,3101.752060644763,6823.854533418477
64,1,3.5619562196780916,0.7619562196780919,2807.972784913831,7862.323797758727
65,1,3.5106364819883855,0.7106364819883857,2847.292167029911,7972.41806768375
66,1,3.528660199399864,0.728660199399864,2838.7588087418776,7948.524664477257
67,1,3.6193377690814534,0.8193377690814538,2803.556307223177,7849.957660224895
68,1,3.564693460732623,0.764693460732623,2835.053305175297,7938.149254490831
69,1,3.5644360618334785,0.7644360618334787,2853.7079011979918,7990.382123354377
70,1,3.4117664660855773,0.6117664660855773,2964.0409482562036,8299.31465511737
71,1,2.4115350567324247,0.6115350567324247,3524.111541262554,6343.400774272597
72,1,3.600342487978545,0.8003424879785452,2254.287080627279,6312.003825756381
73,1,3.619490929642308,0.8194909296423082,2800.6836873701536,7841.914324636429
74,1,3.519037118731648,0.7190371187316481,2803.696116591792,7850.349126457017
75,1,3.6797153908743896,0.8797153908743898,2710.905148884237,7590.534416875863
76,1,3.701196493153243,0.9011964931532433,2574.3431864562917,7208.160922077616
77,1,1.6045449382064219,0.8045449382064218,3740.4404520447038,2992.3523616357634
78,1,3.5950319248186196,0.7950319248186197,2565.3421293207884,7182.957962098207
79,1,3.7726583153366025,0.9726583153366027,2494.3226855906946,6984.103519653944
80,1,3.8877704571377425,1.087770457137743,2358.9892142405147,6605.169799873441
81,1,2.2357275829888463,1.0357275829888466,3320.6877554059038,3984.8253064870837
82,1,3.7992898982702563,0.9992898982702565,2293.8979452629046,6422.914246736133
83,1,3.7279975034290507,0.927997503429051,2368.5070415350065,6631.819716298018
84,1,1.6520914193055094,1.0520914193055093,3644.5504184719107,2186.730251083147
85,1,3.8814728101774927,1.081472810177493,2168.432191600389,6071.610136481089
86,1,2.0631590745463706,1.0631590745463706,3351.2396922368875,3351.2396922368875
87,1,3.880670708091088,1.080670708091088,2030.2086122909695,5684.584114414714
88,1,3.966745661378366,1.1667456613783662,1021.4377737552098,2860.0257665145873
89,1,3.872984969889565,1.0729849698895653,1978.1967993536675,5538.951038190269
90,1,3.295767632497893,1.0957676324978933,2374.422994096129,5223.730587011482
91,1,3.882158153241092,1.082158153241092,1990.207361745755,5572.580612888113
92,1,4.025717472090988,1.225717472090988,1909.102331613596,5345.486528518069
93,1,4.036519251107676,1.2365192511076766,1938.0238905399412,5426.466893511835
94,1,4.063091967711046,1.2630919677110466,791.5511489026851,2216.343216927518
95,1,4.008725501526116,1.2087255015261158,2020.4792518219947,5657.341905101584
96,1,3.9550683281400043,1.1550683281400045,2074.8434989421503,5809.561797038021
97,1,3.966513192469285,1.1665131924692853,2109.1631135061766,5905.6567178172945
98,1,3.965689162117987,1.1656891621179872,2115.598935731123,5923.677020047145
99,1,3.8531997074102207,1.0531997074102208,2272.1496391271476,6362.0189895560125
