data/runs/cca87191-f5b0-4e33-9fff-465bc16e0ac9/panel.csv
t,firm_id,price,cost,quantity,profit
0,2,1.2,1.0,2500.0,499.9999999999999
1,2,1.3777451112111445,1.1777451112111446,2248.6377761827857,449.72755523655707
2,2,1.3586053814174641,1.1586053814174642,2335.6343810527587,467.12687621055164
3,2,1.2068337568409713,1.0068337568409713,3460.711448473463,692.1422896946924
4,2,1.401284212036314,1.201284212036314,3350.2960448499184,670.0592089699835
5,2,1.487695602710797,1.287695602710797,3281.0124942414413,656.2024988482881
6,2,3.853551886168814,1.2535518861688137,1464.3795463854212,3807.386820602095
7,2,3.7237345174748455,1.1237345174748452,960.5461695670438,2497.4200408743145
8,2,3.569820938362325,0.9698209383623251,1707.342411248143,4439.090269245172
9,2,3.407690012003693,0.807690012003693,1805.2272332910745,4693.590806556793
10,2,3.3243347151558047,0.7243347151558045,1920.299034682112,4992.777490173491
11,2,3.2001038736264578,0.6001038736264577,2073.453898269608,5390.980135500981
12,2,3.152864206779842,0.5528642067798417,2211.473276815184,5749.830519719479
13,2,3.487242010466379,0.4872420104663788,2074.7446379022726,6224.2339137068175
14,2,3.5542737259813206,0.5542737259813207,1439.324826086772,4317.974478260316
15,2,3.7535474683882253,0.7535474683882253,1666.993858970387,5000.981576911161
16,2,3.778508686326738,0.7785086863267379,1567.595638473094,4702.786915419281
17,2,3.743737093032972,0.7437370930329719,1936.9209338911808,5810.7628016735425
18,2,3.7059770812856385,0.7059770812856385,2004.9023852282398,6014.7071556847195
19,2,3.599197313679273,0.5991973136792732,2000.736708952434,6002.2101268573015
20,2,3.620593364819588,0.6205933648195877,1785.8473076497012,5357.5419229491035
21,2,3.5521358104692684,0.5521358104692686,2103.8486393058233,6311.54591791747
22,2,3.7159544271938554,0.7159544271938556,1946.7109811170908,5840.132943351273
23,2,3.3002252132460566,0.5002252132460568,2280.4722173990726,6385.322208717403
24,2,3.1839001644541334,0.3839001644541336,2976.8275517925185,8335.117145019052
25,2,2.98252325957328,0.18252325957328014,2528.960077681353,7081.088217507789
26,2,2.8453701438886783,0.04537014388867852,3159.068482292617,8845.391750419327
27,2,2.9925176583608195,0.19251765836081952,3126.81741401929,8755.088759254011
28,2,2.9442153184514543,0.1442153184514545,3048.160917069977,8534.850567795935
29,2,3.0077924551519386,0.20779245515193862,3079.461516705168,8622.49224677447
30,2,3.227134864124432,0.4271348641244323,2979.6045773368605,8342.89281654321
31,2,3.3577434043326146,0.5577434043326148,2894.4614751189047,8104.492130332933
32,2,3.367300226095027,0.567300226095027,2907.4186178801256,8140.772130064351
33,2,2.3963136752324505,0.5963136752324509,2504.5626615933347,4508.212790868001
34,2,3.5586583152041755,0.7586583152041758,2918.473314017381,8171.725279248667
35,2,3.7167452470069735,0.9167452470069739,2810.4299525734386,7869.203867205628
36,2,3.838839604066508,1.0388396040665082,2757.5406500752774,7721.113820210776
37,2,3.829775460551965,1.0297754605519653,2702.7959541043347,7567.828671492137
38,2,3.7966370473787228,0.996637047378723,2722.854736620169,7623.993262536474
39,2,3.750399348118891,0.9503993481188913,2730.8199888772756,7646.2959688563715
40,2,3.7227887215525444,0.9227887215525447,2801.6792618470913,7844.701933171855
41,2,3.5962363360625944,0.7962363360625946,2133.0337882207014,5972.494607017963
42,2,3.4613475046552495,0.6613475046552498,2886.362641959445,8081.815397486446
43,2,3.4207856898426874,0.6207856898426876,2669.694057798616,7475.143361836124
44,2,3.391859626567343,0.591859626567343,2595.0795910596294,7266.222854966962
45,2,3.4373910786699104,0.6373910786699108,2524.81026342523,7069.468737590643
46,2,3.4371055424010617,0.637105542401062,2518.9988074629036,7053.19666089613
47,2,3.440527216808742,0.6405272168087423,2206.867451692221,6179.228864738218
48,2,3.57327274821053,0.7732727482105304,2263.337376049229,6337.344652937841
49,2,3.6118735765854613,0.8118735765854616,2331.468732327081,6528.112450515826
50,2,3.6526763108236837,0.852676310823684,2274.5155607271968,6368.643570036151
51,2,3.6387291096497307,0.8387291096497308,2342.271813319304,6558.36107729405
52,2,3.652890088260437,0.8528900882604372,2297.8699759975552,6434.035932793155
53,2,3.698788110342908,0.8987881103429082,2230.5582967605824,6245.563230929631
54,2,3.877094335396343,1.0770943353963436,2056.118418683143,5757.1315723128
55,2,3.8737077515619127,1.073707751561913,1951.9737893452138,5465.526610166598
56,2,3.8645080595992747,1.064508059599275,1942.098427586929,5437.875597243401
57,2,3.756067288842105,0.9560672888421053,2137.7911238205043,5985.815146697411
58,2,3.8780192677600507,1.0780192677600509,1992.9247249487341,5580.189229856455
59,2,3.8693994636790117,1.0693994636790118,1822.1146477774716,5101.9210137769205
60,2,3.8947356294006164,1.0947356294006165,1901.8333083293521,5325.1332633221855
61,2,3.7904952304588804,0.9904952304588805,2091.3705360951735,5855.837501066486
62,2,4.064076319362297,1.2640763193622968,1827.814084864973,5117.879437621924
63,2,4.023988393050734,1.223988393050735,1839.526631738488,5150.674568867766
64,2,4.079500420149935,1.279500420149935,2167.7520173595735,6069.705648606806
65,2,4.101925308926942,1.301925308926942,2118.5333057258945,5931.893256032505
66,2,4.0801023564923575,1.2801023564923573,2154.687796231701,6033.125829448764
67,2,4.083006666172724,1.2830066661727244,2223.4371680739773,6225.624070607136
68,2,4.004148561125893,1.2041485611258933,2275.8035283951185,6372.249879506331
69,2,4.002340555479069,1.2023405554790692,2292.55500847063,6419.154023717764
70,2,4.055424601779493,1.2554246017794934,2148.402310913598,6015.526470558074
71,2,4.068583141604661,1.2685831416046607,1538.9560809075188,4309.077026541052
72,2,3.0443797610024603,1.0443797610024608,2976.699498702371,5953.398997404741
73,2,4.044788919113547,1.2447889191135473,2264.184311500407,6339.716072201139
74,2,4.0585351218320165,1.2585351218320167,2140.8213991800976,5994.299917704273
75,2,4.154338032007508,1.354338032007508,2138.2147712485626,5987.001359495975
76,2,3.9864068375533703,1.1864068375533703,2232.2035936631773,6250.170062256896
77,2,3.9744566561316983,1.1744566561316983,1143.6758597797882,3202.292407383407
78,2,3.8740007275672204,1.0740007275672203,2231.3514919608033,6247.784177490249
79,2,3.8656304089937077,1.0656304089937076,2381.0252609124946,6666.870730554984
80,2,3.691531451885708,0.8915314518857083,2602.1882635305055,7286.127137885415
81,2,3.5295245931734693,0.7295245931734694,1738.9359646829796,4869.020701112343
82,2,3.543032619159374,0.7430326191593745,2607.4720000346056,7300.921600096895
83,2,3.562210484414868,0.7622104844148683,2573.2078877014687,7204.982085564112
84,2,3.5771567292152593,0.7771567292152594,1391.9426493939914,3897.4394183031754
85,2,3.4801594916691503,0.6801594916691506,2650.2688119707113,7420.752673517991
86,2,3.4526906951616585,0.6526906951616589,1672.909831836227,4684.147529141435
87,2,3.4578408825378726,0.6578408825378729,2508.1701546490704,7022.876433017396
88,2,1.3651228114354788,0.7651228114354788,3751.000640492861,2250.6003842957166
89,2,3.531877533488185,0.7318775334881849,2346.0649624201187,6568.981894776332
90,2,3.512671857965586,0.7126718579655861,2130.3842135043606,5965.075797812209
91,2,3.5327414051878434,0.7327414051878437,2370.1356960295734,6636.379948882805
92,2,3.623852675022012,0.8238526750220122,2333.9580182608106,6535.082451130269
93,2,3.6519746771335733,0.8519746771335733,2348.8858933381466,6576.88050134681
94,2,3.6853199102762177,0.8853199102762178,956.1172277426309,2677.1282376793665
95,2,3.6631558261336865,0.8631558261336867,2401.5625171988936,6724.375048156901
96,2,3.7086783629660784,0.9086783629660784,2346.8657422026085,6571.224078167304
97,2,3.660826425451289,0.8608264254512892,2457.4755494951546,6880.931538586433
98,2,3.669620390325646,0.8696203903256464,2453.148601774859,6868.816084969604
99,2,3.8990466066173637,1.0990466066173639,2220.656585473584,6217.838439326035
